// Jest Snapshot v1, https://goo.gl/fbAQLP

exports[`AvroDeserializer test Test stream transform 1`] = `
Array [
  Object {
    "schema": Object {
      "fields": Array [
        Object {
          "name": "accountId",
          "type": "string",
        },
      ],
      "name": "TestSchema1",
      "type": "record",
    },
    "topic": "test-topic-1",
    "value": TestSchema1 {
      "accountId": "111",
    },
  },
  Object {
    "schema": Object {
      "fields": Array [
        Object {
          "name": "accountId",
          "type": "string",
        },
      ],
      "name": "TestSchema1",
      "type": "record",
    },
    "topic": "test-topic-1",
    "value": TestSchema1 {
      "accountId": "222",
    },
  },
  Object {
    "schema": Object {
      "fields": Array [
        Object {
          "name": "effectiveEnrollmentDate",
          "type": Object {
            "logicalType": "date",
            "type": "int",
          },
        },
      ],
      "name": "TestSchema2",
      "type": "record",
    },
    "topic": "test-topic-2",
    "value": TestSchema2 {
      "effectiveEnrollmentDate": 17687,
    },
  },
  Object {
    "schema": Object {
      "fields": Array [
        Object {
          "name": "effectiveEnrollmentDate",
          "type": Object {
            "logicalType": "date",
            "type": "int",
          },
        },
      ],
      "name": "TestSchema2",
      "type": "record",
    },
    "topic": "test-topic-2",
    "value": TestSchema2 {
      "effectiveEnrollmentDate": 17567,
    },
  },
]
`;
